// Jest Snapshot v1, https://goo.gl/fbAQLP

exports[`Form Methods form.field retrieving component 1`] = `
<text
  custom={Object {}}
  disabled={false}
  errorMessage=""
  inputId="test_form_field_0"
  label="First name"
  onChange={[Function]}
  options={Array []}
  value=""
/>
`;

exports[`renders 1`] = `
<div>
  <h1>
    My Form
  </h1>
  <div
    id="field-first-name"
  >
    <div
      style={
        Object {
          "paddingBottom": 14,
        }
      }
    >
      <div>
        First name
      </div>
      <div>
        <input
          disabled={false}
          id="test_form_field_0"
          onChange={[Function]}
          type="text"
          value=""
        />
      </div>
    </div>
  </div>
  <div
    id="field-last-name"
  >
    <div
      style={
        Object {
          "paddingBottom": 14,
        }
      }
    >
      <div>
        First name
      </div>
      <div>
        <input
          disabled={false}
          id="test_form_field_1"
          onChange={[Function]}
          type="text"
          value=""
        />
      </div>
    </div>
  </div>
  <div
    id="field-country"
  >
    <div
      style={
        Object {
          "paddingBottom": 14,
        }
      }
    >
      <div>
        Country
      </div>
      <select
        disabled={false}
        id="test_form_field_2"
        onChange={[Function]}
        value={0}
      >
        <option
          value={0}
        >
          Choose a country
        </option>
        <option
          value={1}
        >
          Brazil
        </option>
        <option
          value={2}
        >
          Germany
        </option>
      </select>
    </div>
  </div>
  <div
    id="field-gender"
  >
    <div
      style={
        Object {
          "paddingBottom": 14,
        }
      }
    >
      <div>
        Gender
      </div>
      <div
        style={
          Object {
            "opacity": "1",
          }
        }
      >
        <div
          onClick={[Function]}
        >
          <input
            checked={false}
            name="test_form_field_3"
            readOnly={true}
            type="radio"
            value={0}
          />
          Male
        </div>
        <div
          onClick={[Function]}
        >
          <input
            checked={false}
            name="test_form_field_3"
            readOnly={true}
            type="radio"
            value={1}
          />
          Female
        </div>
      </div>
    </div>
  </div>
  <div
    id="field-hobbies"
  >
    <div
      style={
        Object {
          "paddingBottom": 14,
        }
      }
    >
      <div>
        Hobbies
      </div>
      <div
        style={
          Object {
            "opacity": "1",
          }
        }
      >
        <div
          onClick={[Function]}
        >
          <input
            checked={false}
            name="test_form_field_4"
            readOnly={true}
            type="checkbox"
            value={0}
          />
          Soccer
        </div>
        <div
          onClick={[Function]}
        >
          <input
            checked={false}
            name="test_form_field_4"
            readOnly={true}
            type="checkbox"
            value={1}
          />
          Movies
        </div>
        <div
          onClick={[Function]}
        >
          <input
            checked={false}
            name="test_form_field_4"
            readOnly={true}
            type="checkbox"
            value={2}
          />
          Music
        </div>
        <div
          onClick={[Function]}
        >
          <input
            checked={false}
            name="test_form_field_4"
            readOnly={true}
            type="checkbox"
            value={3}
          />
          Books
        </div>
      </div>
    </div>
  </div>
  <input
    data-testid="submit"
    onClick={[Function]}
    type="button"
    value="Click me"
  />
</div>
`;
